// Vitest Snapshot v1, https://vitest.dev/guide/snapshot.html

exports[`MediaMuteAndSwitchButton > renders 1`] = `
<div>
  <div
    class="container"
  >
    <button
      aria-disabled="false"
      aria-expanded="false"
      aria-haspopup="menu"
      class="_button_1nw83_8 menuButton _has-icon_1nw83_60 _icon-only_1nw83_53"
      data-kind="tertiary"
      data-size="lg"
      data-state="closed"
      id="radix-_r_0_"
      role="button"
      tabindex="0"
      type="button"
    >
      <svg
        aria-hidden="true"
        fill="currentColor"
        height="24"
        viewBox="0 0 24 24"
        width="24"
        xmlns="http://www.w3.org/2000/svg"
      >
        <path
          d="M12 14.95q-.2 0-.375-.062a.9.9 0 0 1-.325-.213l-4.6-4.6a.95.95 0 0 1-.275-.7q0-.425.275-.7a.95.95 0 0 1 .7-.275q.425 0 .7.275l3.9 3.9 3.9-3.9a.95.95 0 0 1 .7-.275q.425 0 .7.275a.95.95 0 0 1 .275.7.95.95 0 0 1-.275.7l-4.6 4.6q-.15.15-.325.212a1.1 1.1 0 0 1-.375.063"
        />
      </svg>
    </button>
  </div>
</div>
`;
