// Vitest Snapshot v1, https://vitest.dev/guide/snapshot.html

exports[`Toast > renders 1`] = `
<button
  aria-labelledby="radix-_r_4_"
  class="_overlay_2f5303 _animate_2f5303 _toast_15a045"
  data-state="open"
  id="radix-_r_3_"
  role="dialog"
  style="pointer-events: auto;"
  tabindex="-1"
  type="button"
>
  <h3
    class="_typography_6v6n8_153 _font-body-sm-semibold_6v6n8_36"
    id="radix-_r_4_"
  >
    Hello world!
  </h3>
</button>
`;
